Removed Member From Class: ClassName=RK3566pad2.0 Member=C61
Removed Member From Class: ClassName=RK3566pad2.0 Member=C62
Removed Member From Class: ClassName=RK3566pad2.0 Member=C63
Removed Member From Class: ClassName=RK3566pad2.0 Member=C?
Removed Member From Class: ClassName=RK3566pad2.0 Member=LED7
Change Component Designator: OldDesignator=C3 NewDesignator=C4
Change Component Designator: OldDesignator=C4 NewDesignator=C8
Change Component Designator: OldDesignator=C5 NewDesignator=C9
Change Component Designator: OldDesignator=C6 NewDesignator=C10
Change Component Designator: OldDesignator=C7 NewDesignator=C12
Change Component Designator: OldDesignator=C8 NewDesignator=C13
Change Component Designator: OldDesignator=C9 NewDesignator=C14
Change Component Designator: OldDesignator=C10 NewDesignator=C15
Change Component Designator: OldDesignator=C11 NewDesignator=C3
Change Component Designator: OldDesignator=C12 NewDesignator=C6
Change Component Designator: OldDesignator=C13 NewDesignator=C5
Change Component Designator: OldDesignator=C14 NewDesignator=C11
Change Component Designator: OldDesignator=C15 NewDesignator=C20
Change Component Designator: OldDesignator=C16 NewDesignator=C21
Change Component Designator: OldDesignator=C17 NewDesignator=C22
Change Component Designator: OldDesignator=C18 NewDesignator=C23
Change Component Designator: OldDesignator=C61 NewDesignator=C16
Change Component Designator: OldDesignator=C62 NewDesignator=C17
Change Component Designator: OldDesignator=C63 NewDesignator=C18
Change Component Designator: OldDesignator=C64 NewDesignator=C19
Change Component Designator: OldDesignator=C? NewDesignator=C7
Change Component Designator: OldDesignator=JP4 NewDesignator=JP2
Change Component Designator: OldDesignator=LED1 NewDesignator=LED2
Change Component Designator: OldDesignator=LED7 NewDesignator=LED1
Change Component Designator: OldDesignator=R1 NewDesignator=R2
Change Component Designator: OldDesignator=R2 NewDesignator=R3
Change Component Designator: OldDesignator=R3 NewDesignator=R4
Change Component Designator: OldDesignator=R4 NewDesignator=R5
Change Component Designator: OldDesignator=R5 NewDesignator=R6
Change Component Designator: OldDesignator=R6 NewDesignator=R7
Change Component Designator: OldDesignator=R7 NewDesignator=R8
Change Component Designator: OldDesignator=R8 NewDesignator=R9
Change Component Designator: OldDesignator=R9 NewDesignator=R10
Change Component Designator: OldDesignator=R10 NewDesignator=R11
Change Component Designator: OldDesignator=R11 NewDesignator=R12
Change Component Designator: OldDesignator=R12 NewDesignator=R13
Change Component Designator: OldDesignator=R13 NewDesignator=R1
Change Net Name : Old Net Name=NetC7_1 New Net Name=NetC12_1
Change Net Name : Old Net Name=NetC8_1 New Net Name=NetC13_1
Change Net Name : Old Net Name=NetC9_1 New Net Name=NetC14_1
Change Net Name : Old Net Name=NetC10_1 New Net Name=NetC15_1
Change Net Name : Old Net Name=NetC?_1 New Net Name=NetC7_1
Change Net Name : Old Net Name=NetLED1_2 New Net Name=NetLED2_2
Change Net Name : Old Net Name=NetLED7_1 New Net Name=NetLED1_1
Change Net Name : Old Net Name=NetR1_1 New Net Name=NetR2_1
Change Net Name : Old Net Name=NetR6_1 New Net Name=NetR7_1
Change Net Name : Old Net Name=NetR7_1 New Net Name=NetR8_1
Change Net Name : Old Net Name=NetR8_1 New Net Name=NetR9_1
Added Member To Class: ClassName=RK3566pad2.0 Member=Component C20 10uF
Added Member To Class: ClassName=RK3566pad2.0 Member=Component C21 10uF
Added Member To Class: ClassName=RK3566pad2.0 Member=Component C22 10uF
Added Member To Class: ClassName=RK3566pad2.0 Member=Component C23 10uF
Added Member To Class: ClassName=RK3566pad2.0 Member=Component LED2 19-217/GHC-YR1S2/3T
